#-----------------------------------------------------------
# Vivado v2020.2 (64-bit)
# SW Build 3064766 on Wed Nov 18 09:12:45 MST 2020
# IP Build 3064653 on Wed Nov 18 14:17:31 MST 2020
# Start of session at: Wed Apr 14 17:15:16 2021
# Process ID: 17904
# Current directory: C:/Users/Lauri/Desktop/Spring2021/4304VHDL/Labs/Lab 5/ECE4304L_Lab5_VHDL/ECE4304L_Lab5_VHDL
# Command line: vivado.exe -gui_launcher_event rodinguilauncherevent16680 C:\Users\Lauri\Desktop\Spring2021\4304VHDL\Labs\Lab 5\ECE4304L_Lab5_VHDL\ECE4304L_Lab5_VHDL\ECE4304L_Lab5_VHDL.xpr
# Log file: C:/Users/Lauri/Desktop/Spring2021/4304VHDL/Labs/Lab 5/ECE4304L_Lab5_VHDL/ECE4304L_Lab5_VHDL/vivado.log
# Journal file: C:/Users/Lauri/Desktop/Spring2021/4304VHDL/Labs/Lab 5/ECE4304L_Lab5_VHDL/ECE4304L_Lab5_VHDL\vivado.jou
#-----------------------------------------------------------
start_gui
open_project {C:/Users/Lauri/Desktop/Spring2021/4304VHDL/Labs/Lab 5/ECE4304L_Lab5_VHDL/ECE4304L_Lab5_VHDL/ECE4304L_Lab5_VHDL.xpr}
update_compile_order -fileset sources_1
